[rm6545.wixsite.com/sols.html]
[backblue.gif]
[fade.gif]
[index.html]
[rm6545.wixsite.com/sitemap.xml]
[rm6545.wixsite.com/feed.xml]
[rm6545.wixsite.com/POST]
[rm6545.wixsite.com/index.html]
[browser.sentry-cdn.com/4.6.2/bundle.min.js]
[static.parastorage.com/unpkg/core-js-bundle@3.2.1/minified.js]
[static.parastorage.com/unpkg/whatwg-fetch@3.0.0/dist/fetch.umd.js]
[static.parastorage.com/services/wix-bolt/1.6488.0/bolt-main/app/bolt-custom-elements.min.js]
[static.parastorage.com/unpkg/requirejs-bolt@2.3.6/requirejs.min.js]
[static.parastorage.com/services/wix-perf-measure/1.182.0/wix-perf-measure.bundle.min.js]
[rm6545.wixsite.com/_partials/wix-bolt/1.6488.0/node_modules/viewer-platform-worker/dist/wixcode-worker.js]
[static.parastorage.com/services/tag-manager-client/1.126.0/siteTags.bundle.min.js]
[static.parastorage.com/services/skins/2.1229.80/images/wysiwyg/core/themes/base/cursor_zoom_out.png]
[static.parastorage.com/services/skins/2.1229.80/images/wysiwyg/core/themes/base/cursor_zoom_in.png]
[rm6545.wixsite.com/sols/projects.html]
[rm6545.wixsite.com/sols/services.html]
[rm6545.wixsite.com/sols/services-1.html]
[static.wixstatic.com/media/f2b81bcc7b05470d8184be321707c602.jpg/v1/fill/w_213,h_120,al_c,q_80,usm_0.66_1.00_0.01,blur_2/Molecules Bio.jpg]
[static.wixstatic.com/media/ad69a2abe15749a9a62bbfb83c3003c7.jpg/v1/fill/w_217,h_145,al_c,q_80,usm_0.66_1.00_0.01,blur_2/ad69a2abe15749a9a62bbfb83c3003c7.jpg]
[rm6545.wixsite.com/sols/about.html]
[static.wixstatic.com/media/fefbb1e69df546d0b5e1e73d6b8f3844.jpg/v1/fill/w_132,h_88,al_c,q_80,usm_0.66_1.00_0.01,blur_2/writing on computer.jpg]
[static.wixstatic.com/media/49cf43b85ab5497ea5c3a2e6d0737885.jpg/v1/fill/w_132,h_88,al_c,q_80,usm_0.66_1.00_0.01,blur_2/Man Hands On Keyboard.jpg]
[static.wixstatic.com/media/b2f7ef303bfa46ffa607186d757eb73f.jpg/v1/fill/w_132,h_88,al_c,q_80,usm_0.66_1.00_0.01,blur_2/Working Coffee.jpg]
[static.wixstatic.com/media/0da768_0c5ce9e2ffa442bea0b79b690223a939_mv2.png]
[rm6545.wixsite.com/sols.html]
[rm6545.wixsite.com/sitemap.html]
[rm6545.wixsite.com/feed.html]
[rm6545.wixsite.com/index.html]
[rm6545.wixsite.com/POST.html]
[rm6545.wixsite.com/sols/robots.txt]
[rm6545.wixsite.com/sols/sitemap.xml]
[rm6545.wixsite.com/sols/feed.xml]
[rm6545.wixsite.com/sols/POST]
[static.wixstatic.com/media/935a7368783045b9b9e398295613ba88.jpg/v1/fill/w_180,h_120,al_c,q_80,usm_0.66_1.00_0.01,blur_2/935a7368783045b9b9e398295613ba88.jpg]
[static.wixstatic.com/media/9683eb_06969406feda4a2c86b4582f20295b76_mv2.jpg/v1/fill/w_199,h_192,al_c,q_80,usm_0.66_1.00_0.01,blur_2/001.jpg]
[rm6545.wixsite.com/sols/projects.html]
[static.wixstatic.com/media/c346bb98e69441e985e623363ef27160.jpg/v1/fill/w_225,h_150,al_c,q_80,usm_0.66_1.00_0.01,blur_2/c346bb98e69441e985e623363ef27160.jpg]
[static.wixstatic.com/media/08a4d9912f45440cb02ed25dd9354546.jpg/v1/fill/w_245,h_138,al_c,q_80,usm_0.66_1.00_0.01,blur_2/08a4d9912f45440cb02ed25dd9354546.jpg]
[static.wixstatic.com/media/f1d5689280c6462ea92b06c169b00597.jpg/v1/fill/w_180,h_120,al_c,q_80,usm_0.66_1.00_0.01,blur_2/Robot.jpg]
[static.wixstatic.com/media/1c6b2b0cda7945adaf6359db1f5bbafc.jpg/v1/fill/w_154,h_120,al_c,q_80,usm_0.66_1.00_0.01,blur_2/Security Camera Video Surveillance.jpg]
[static.wixstatic.com/media/94529b508b40459fb23e9c35b7e7cc0c.jpg/v1/crop/x_0,y_0,w_5250,h_3499/fill/w_180,h_120,al_c,q_80,usm_0.66_1.00_0.01,blur_2/Team Talk.jpg]
[static.wixstatic.com/media/7fcaf4adccd54d0fac41ca4c56a16a0c.jpg/v1/fill/w_276,h_155,al_c,q_80,usm_0.66_1.00_0.01,blur_2/Electronic Wires.jpg]
[rm6545.wixsite.com/sols/services.html]
[static.wixstatic.com/media/a38649d65bd949f1a23175c75483200f.jpg/v1/fill/w_276,h_128,al_c,q_80,usm_0.66_1.00_0.01,blur_2/Ceramics.jpg]
[static.wixstatic.com/media/94529b508b40459fb23e9c35b7e7cc0c.jpg/v1/fill/w_276,h_193,al_c,q_80,usm_0.66_1.00_0.01,blur_2/Team Talk.jpg]
[rm6545.wixsite.com/sols/services-1.html]
[static.wixstatic.com/media/fefbb1e69df546d0b5e1e73d6b8f3844.jpg/v1/fill/w_225,h_150,al_c,q_80,usm_0.66_1.00_0.01,blur_2/fefbb1e69df546d0b5e1e73d6b8f3844.jpg]
[rm6545.wixsite.com/sols/about.html]
[rm6545.wixsite.com/sols/robots.html]
[rm6545.wixsite.com/sols/feed.html]
[rm6545.wixsite.com/sols/POST.html]
